--------------------------------------------------------------------------------------
Timing Analyzer Summary
--------------------------------------------------------------------------------------

Type           : Worst-case tco
Slack          : N/A
Required Time  : None
Actual Time    : 16.788 ns
From           : lpm_counter0:inst7|lpm_counter:lpm_counter_component|cntr_2mi:auto_generated|safe_q[5]
To             : address[5]
From Clock     : clock
To Clock       : --
Failed Paths   : 0

Type           : Clock Setup: 'clock'
Slack          : N/A
Required Time  : None
Actual Time    : 89.35 MHz ( period = 11.192 ns )
From           : lpm_counter0:inst7|lpm_counter:lpm_counter_component|cntr_2mi:auto_generated|safe_q[4]
To             : lpm_rom0:inst15|altsyncram:altsyncram_component|altsyncram_ut61:auto_generated|ram_block1a0~porta_address_reg4
From Clock     : clock
To Clock       : clock
Failed Paths   : 0

Type           : Clock Hold: 'clock'
Slack          : Not operational: Clock Skew > Data Delay
Required Time  : None
Actual Time    : N/A
From           : lpm_rom0:inst15|altsyncram:altsyncram_component|altsyncram_ut61:auto_generated|q_a[1]
To             : lpm_dff2:inst46|lpm_ff:lpm_ff_component|dffs[1]
From Clock     : clock
To Clock       : clock
Failed Paths   : 348

Type           : Total number of failed paths
Slack          : 
Required Time  : 
Actual Time    : 
From           : 
To             : 
From Clock     : 
To Clock       : 
Failed Paths   : 348

--------------------------------------------------------------------------------------

